// Jest Snapshot v1, https://goo.gl/fbAQLP

exports[`Action serialization 1`] = `
"{
  \\"name\\": \\"add-item\\",
  \\"href\\": \\"http://example.com\\",
  \\"class\\": [
    \\"item\\"
  ],
  \\"method\\": \\"POST\\",
  \\"title\\": \\"Add Item\\",
  \\"type\\": \\"text/plain\\",
  \\"fields\\": [
    {
      \\"name\\": \\"orderNumber\\",
      \\"type\\": \\"hidden\\",
      \\"value\\": \\"42\\"
    },
    {
      \\"name\\": \\"productCode\\",
      \\"required\\": true
    },
    {
      \\"name\\": \\"quantity\\",
      \\"class\\": [
        \\"integer\\"
      ],
      \\"type\\": \\"number\\",
      \\"min\\": 1
    }
  ],
  \\"encoding\\": \\"utf-8\\"
}"
`;
